
> tmp_app@0.1.0 build
> next build

▲ Next.js 16.3.0 (Turbopack)
- Environments: .env.local
⚠ Attempted to load /Users/khalil/Downloads/nuzul sheets/node_modules/next/next-swc-fallback/@next/swc-darwin-arm64/next-swc.darwin-arm64.node, but it was not installed
⚠ Attempted to load @next/swc-darwin-arm64, but it was not installed
✓ Running next.config.ts took 149ms
  Skipping creating a lockfile at /Users/khalil/Downloads/nuzul sheets/.next/lock because we're using WASM bindings

  Creating an optimized production build ...
⚠ Attempted to load /Users/khalil/Downloads/nuzul sheets/node_modules/next/next-swc-fallback/@next/swc-darwin-arm64/next-swc.darwin-arm64.node, but it was not installed

> Build error occurred
Error: Turbopack is not supported on this platform (darwin/arm64) because native bindings are not available. Only WebAssembly (WASM) bindings were loaded, and Turbopack requires native bindings.

To build on this platform, use Webpack instead:
  next build --webpack

For more information, see: https://nextjs.org/docs/app/api-reference/turbopack#supported-platforms
    at ignore-listed frames
